``listsnapshots``

Lists all snapshots.

Examples
~~~~~~~~

::

  unite-cli listsnapshots

::

  curl --user myusername --data-binary '{"jsonrpc": "1.0", "id":"curltest", "method": "listsnapshots", "params": [] }' -H 'content-type: text/plain;' http://127.0.0.1:7181/

